\BOOKMARK [1][-]{section.1}{\376\377\000I\000n\000t\000r\000o\000d\000u\000c\000t\000i\000o\000n}{}% 1
\BOOKMARK [1][-]{section.2}{\376\377\000B\000a\000s\000i\000c\000\040\000D\000e\000s\000c\000r\000i\000p\000t\000i\000o\000n}{}% 2
\BOOKMARK [2][-]{subsection.2.1}{\376\377\000U\000n\000i\000v\000e\000r\000s\000e\000s}{section.2}% 3
\BOOKMARK [1][-]{section.3}{\376\377\000I\000n\000d\000u\000c\000t\000i\000v\000e\000\040\000T\000y\000p\000e\000s}{}% 4
\BOOKMARK [2][-]{subsection.3.1}{\376\377\000S\000o\000m\000e\000\040\000T\000y\000p\000e\000\040\000F\000o\000r\000m\000e\000r\000s\000/\000I\000n\000d\000u\000c\000t\000i\000v\000e\000s}{section.3}% 5
\BOOKMARK [3][-]{subsubsection.3.1.1}{\376\377\000F\000u\000n\000c\000t\000i\000o\000n\000\040\000T\000y\000p\000e\000s}{subsection.3.1}% 6
\BOOKMARK [3][-]{subsubsection.3.1.2}{\376\377\000D\000e\000p\000e\000n\000d\000e\000n\000t\000\040\000F\000u\000n\000c\000t\000i\000o\000n\000\040\000T\000y\000p\000e\000s\000\040\000\050\000-\000t\000y\000p\000e\000s\000\051}{subsection.3.1}% 7
\BOOKMARK [3][-]{subsubsection.3.1.3}{\376\377\000P\000r\000o\000d\000u\000c\000t\000\040\000T\000y\000p\000e\000s}{subsection.3.1}% 8
\BOOKMARK [3][-]{subsubsection.3.1.4}{\376\377\000C\000o\000p\000r\000o\000d\000u\000c\000t\000\040\000T\000y\000p\000e\000s}{subsection.3.1}% 9
\BOOKMARK [3][-]{subsubsection.3.1.5}{\376\377\000D\000e\000p\000e\000n\000d\000e\000n\000t\000\040\000P\000a\000i\000r\000\040\000T\000y\000p\000e\000s\000\040\000\050\000-\000t\000y\000p\000e\000s\000\051}{subsection.3.1}% 10
\BOOKMARK [3][-]{subsubsection.3.1.6}{\376\377\0000\000,\000\040\0001\000\040\000a\000n\000d\000\040\0002}{subsection.3.1}% 11
\BOOKMARK [3][-]{subsubsection.3.1.7}{\376\377\000N\000a\000t\000u\000r\000a\000l\000\040\000N\000u\000m\000b\000e\000r\000s\000\040\000T\000y\000p\000e\000\040\000\050\000N\000\051}{subsection.3.1}% 12
\BOOKMARK [3][-]{subsubsection.3.1.8}{\376\377\000I\000d\000e\000n\000t\000i\000t\000y\000\040\000T\000y\000p\000e\000s}{subsection.3.1}% 13
\BOOKMARK [2][-]{subsection.3.2}{\376\377\000C\000u\000s\000t\000o\000m\000\040\000I\000n\000d\000u\000c\000t\000i\000v\000e\000\040\000T\000y\000p\000e\000s}{section.3}% 14
\BOOKMARK [3][-]{subsubsection.3.2.1}{\376\377\000W\000-\000T\000y\000p\000e\000s}{subsection.3.2}% 15
\BOOKMARK [1][-]{section.4}{\376\377\000H\000o\000m\000o\000t\000o\000p\000y\000\040\000T\000y\000p\000e\000\040\000T\000h\000e\000o\000r\000y}{}% 16
\BOOKMARK [2][-]{subsection.4.1}{\376\377\000A\000\040\000H\000o\000m\000o\000t\000o\000p\000i\000c\000a\000l\000\040\000I\000n\000t\000e\000p\000r\000e\000t\000a\000t\000i\000o\000n}{section.4}% 17
\BOOKMARK [2][-]{subsection.4.2}{\376\377\000I\000d\000e\000n\000t\000i\000t\000y\000\040\000T\000y\000p\000e\000s}{section.4}% 18
\BOOKMARK [2][-]{subsection.4.3}{\376\377\000A\000x\000i\000o\000m\000s\000\040\000i\000n\000\040\000H\000o\000T\000T}{section.4}% 19
\BOOKMARK [2][-]{subsection.4.4}{\376\377\000H\000i\000g\000h\000e\000r\000\040\000I\000n\000d\000u\000c\000t\000i\000v\000e\000\040\000T\000y\000p\000e\000s}{section.4}% 20
\BOOKMARK [1][-]{section.5}{\376\377\000C\000u\000b\000i\000c\000a\000l\000\040\000T\000y\000p\000e\000\040\000T\000h\000e\000o\000r\000y}{}% 21
\BOOKMARK [2][-]{subsection.5.1}{\376\377\000C\000u\000b\000i\000c\000a\000l\000\040\000S\000e\000t\000s}{section.5}% 22
\BOOKMARK [2][-]{subsection.5.2}{\376\377\000T\000h\000e\000\040\000U\000n\000i\000f\000o\000r\000m\000\040\000K\000a\000n\000\040\000C\000o\000n\000d\000i\000t\000i\000o\000n}{section.5}% 23
\BOOKMARK [2][-]{subsection.5.3}{\376\377\000C\000o\000n\000c\000l\000u\000s\000i\000o\000n}{section.5}% 24
